{
  "file:///import_map/main.ts": "local/import_map/main.ts",
  "file:///subdir/foo.ts": "local/subdir/foo.ts"
}
