{
  "imports": {
    "https://deno.land": "./remote/NNRNTa3nQ9cRguYpg8Fa19sQDzU"
  }
}
