{
  "file:///testdata/mod.ts": "0BJ1Cp_wwHSv6YnJzSlY2UlxpSc.js"
}
