{
  "file:///hello_world.ts": "local/hello_world.ts"
}
