{
  "file:///top_level_await.ts": "local/top_level_await.ts"
}
