{
  "file:///jsx/main.tsx": "local/jsx/main.tsx"
}
