{
  "https://deno.land/std@0.140.0/_util/assert.ts": "remote/NNRNTa3nQ9cRguYpg8Fa19sQDzU/std@0.140.0/_util/assert.ts",
  "https://deno.land/std@0.140.0/_util/os.ts": "remote/NNRNTa3nQ9cRguYpg8Fa19sQDzU/std@0.140.0/_util/os.ts",
  "https://deno.land/std@0.140.0/bytes/bytes_list.ts": "remote/NNRNTa3nQ9cRguYpg8Fa19sQDzU/std@0.140.0/bytes/bytes_list.ts",
  "https://deno.land/std@0.140.0/bytes/equals.ts": "remote/NNRNTa3nQ9cRguYpg8Fa19sQDzU/std@0.140.0/bytes/equals.ts",
  "https://deno.land/std@0.140.0/bytes/mod.ts": "remote/NNRNTa3nQ9cRguYpg8Fa19sQDzU/std@0.140.0/bytes/mod.ts",
  "https://deno.land/std@0.140.0/examples/chat/server.ts": "remote/NNRNTa3nQ9cRguYpg8Fa19sQDzU/std@0.140.0/examples/chat/server.ts",
  "https://deno.land/std@0.140.0/io/buffer.ts": "remote/NNRNTa3nQ9cRguYpg8Fa19sQDzU/std@0.140.0/io/buffer.ts",
  "https://deno.land/std@0.140.0/io/types.d.ts": "remote/NNRNTa3nQ9cRguYpg8Fa19sQDzU/std@0.140.0/io/types.d.ts",
  "https://deno.land/std@0.140.0/path/_constants.ts": "remote/NNRNTa3nQ9cRguYpg8Fa19sQDzU/std@0.140.0/path/_constants.ts",
  "https://deno.land/std@0.140.0/path/_interface.ts": "remote/NNRNTa3nQ9cRguYpg8Fa19sQDzU/std@0.140.0/path/_interface.ts",
  "https://deno.land/std@0.140.0/path/_util.ts": "remote/NNRNTa3nQ9cRguYpg8Fa19sQDzU/std@0.140.0/path/_util.ts",
  "https://deno.land/std@0.140.0/path/common.ts": "remote/NNRNTa3nQ9cRguYpg8Fa19sQDzU/std@0.140.0/path/common.ts",
  "https://deno.land/std@0.140.0/path/glob.ts": "remote/NNRNTa3nQ9cRguYpg8Fa19sQDzU/std@0.140.0/path/glob.ts",
  "https://deno.land/std@0.140.0/path/mod.ts": "remote/NNRNTa3nQ9cRguYpg8Fa19sQDzU/std@0.140.0/path/mod.ts",
  "https://deno.land/std@0.140.0/path/posix.ts": "remote/NNRNTa3nQ9cRguYpg8Fa19sQDzU/std@0.140.0/path/posix.ts",
  "https://deno.land/std@0.140.0/path/separator.ts": "remote/NNRNTa3nQ9cRguYpg8Fa19sQDzU/std@0.140.0/path/separator.ts",
  "https://deno.land/std@0.140.0/path/win32.ts": "remote/NNRNTa3nQ9cRguYpg8Fa19sQDzU/std@0.140.0/path/win32.ts",
  "https://deno.land/std@0.140.0/streams/conversion.ts": "remote/NNRNTa3nQ9cRguYpg8Fa19sQDzU/std@0.140.0/streams/conversion.ts"
}
