{
  "file:///src.ts": "FX-W_GgTo-jcLMQCWKy5udxEtG0.js"
}
