{
  "file:///jsx_import_from_ts.ts": "local/jsx_import_from_ts.ts",
  "file:///subdir/app.jsx": "local/subdir/app.jsx"
}
